PALRGB len: 64 sample: [6710886, 10888, 1315495, 3866788]
after nes_init: PC= 32772
frame    1  t=   1.9s  distinct_FB_vals=  1  P_MASK=0
frame    2  t=   4.1s  distinct_FB_vals=  1  P_MASK=0
frame    3  t=   6.5s  distinct_FB_vals=  1  P_MASK=0
frame    4  t=   8.8s  distinct_FB_vals=  1  P_MASK=0
frame    5  t=  10.9s  distinct_FB_vals=  1  P_MASK=0
frame    6  t=  13.2s  distinct_FB_vals=  1  P_MASK=0
frame    7  t=  15.6s  distinct_FB_vals=  1  P_MASK=0
frame    8  t=  18.0s  distinct_FB_vals=  1  P_MASK=0
frame    9  t=  20.1s  distinct_FB_vals=  1  P_MASK=0
frame   10  t=  22.3s  distinct_FB_vals=  1  P_MASK=0
frame   11  t=  24.4s  distinct_FB_vals=  1  P_MASK=0
frame   12  t=  26.7s  distinct_FB_vals=  1  P_MASK=0
frame   13  t=  29.2s  distinct_FB_vals=  1  P_MASK=0
frame   14  t=  31.6s  distinct_FB_vals=  1  P_MASK=0
frame   15  t=  33.9s  distinct_FB_vals=  1  P_MASK=0
frame   16  t=  36.1s  distinct_FB_vals=  1  P_MASK=8
frame   17  t=  44.6s  distinct_FB_vals=  2  P_MASK=8
frame   18  t=  53.3s  distinct_FB_vals=  2  P_MASK=8
frame   19  t=  61.7s  distinct_FB_vals=  2  P_MASK=8
frame   20  t=  70.2s  distinct_FB_vals=  2  P_MASK=8
frame   21  t=  78.7s  distinct_FB_vals=  2  P_MASK=8
frame   22  t=  87.1s  distinct_FB_vals=  2  P_MASK=8
frame   23  t=  95.6s  distinct_FB_vals=  2  P_MASK=8
frame   24  t= 104.3s  distinct_FB_vals=  2  P_MASK=8
frame   25  t= 112.9s  distinct_FB_vals=  2  P_MASK=8
frame   26  t= 121.4s  distinct_FB_vals=  2  P_MASK=8
frame   27  t= 130.1s  distinct_FB_vals=  2  P_MASK=8
frame   28  t= 138.5s  distinct_FB_vals=  2  P_MASK=8
frame   29  t= 147.2s  distinct_FB_vals=  2  P_MASK=8
frame   30  t= 155.6s  distinct_FB_vals=  2  P_MASK=8
frame   31  t= 164.2s  distinct_FB_vals=  2  P_MASK=8
frame   32  t= 172.9s  distinct_FB_vals=  2  P_MASK=8
frame   33  t= 181.5s  distinct_FB_vals=  2  P_MASK=8
frame   34  t= 190.2s  distinct_FB_vals=  2  P_MASK=8
frame   35  t= 198.5s  distinct_FB_vals=  2  P_MASK=8
frame   36  t= 206.1s  distinct_FB_vals=  2  P_MASK=8
frame   37  t= 214.0s  distinct_FB_vals=  2  P_MASK=8
frame   38  t= 222.7s  distinct_FB_vals=  2  P_MASK=8
frame   39  t= 231.2s  distinct_FB_vals=  2  P_MASK=8
frame   40  t= 239.8s  distinct_FB_vals=  2  P_MASK=8
frame   41  t= 248.3s  distinct_FB_vals=  2  P_MASK=8
frame   42  t= 256.8s  distinct_FB_vals=  2  P_MASK=8
frame   43  t= 265.3s  distinct_FB_vals=  2  P_MASK=8
frame   44  t= 273.7s  distinct_FB_vals=  2  P_MASK=8
frame   45  t= 282.2s  distinct_FB_vals=  2  P_MASK=8
frame   46  t= 290.7s  distinct_FB_vals=  2  P_MASK=8
frame   47  t= 297.9s  distinct_FB_vals=  2  P_MASK=8
frame   48  t= 306.2s  distinct_FB_vals=  2  P_MASK=8
frame   49  t= 314.5s  distinct_FB_vals=  2  P_MASK=8
frame   50  t= 323.1s  distinct_FB_vals=  2  P_MASK=8
frame   51  t= 331.7s  distinct_FB_vals=  2  P_MASK=8
frame   52  t= 340.2s  distinct_FB_vals=  2  P_MASK=8
frame   53  t= 348.5s  distinct_FB_vals=  2  P_MASK=8
frame   54  t= 357.0s  distinct_FB_vals=  2  P_MASK=8
frame   55  t= 365.7s  distinct_FB_vals=  2  P_MASK=8
frame   56  t= 373.9s  distinct_FB_vals=  2  P_MASK=8
frame   57  t= 382.1s  distinct_FB_vals=  2  P_MASK=8
frame   58  t= 390.7s  distinct_FB_vals=  2  P_MASK=8
frame   59  t= 398.9s  distinct_FB_vals=  2  P_MASK=8
frame   60  t= 407.3s  distinct_FB_vals=  2  P_MASK=8
frame   61  t= 415.6s  distinct_FB_vals=  2  P_MASK=8
frame   62  t= 423.8s  distinct_FB_vals=  2  P_MASK=8
frame   63  t= 432.2s  distinct_FB_vals=  2  P_MASK=8
frame   64  t= 440.6s  distinct_FB_vals=  2  P_MASK=8
frame   65  t= 449.0s  distinct_FB_vals=  2  P_MASK=8
frame   66  t= 457.1s  distinct_FB_vals=  2  P_MASK=8
frame   67  t= 465.5s  distinct_FB_vals=  2  P_MASK=8
frame   68  t= 474.5s  distinct_FB_vals=  2  P_MASK=8
frame   69  t= 483.3s  distinct_FB_vals=  2  P_MASK=8
frame   70  t= 491.9s  distinct_FB_vals=  2  P_MASK=8
frame   71  t= 500.4s  distinct_FB_vals=  2  P_MASK=8
frame   72  t= 508.8s  distinct_FB_vals=  2  P_MASK=8
frame   73  t= 517.2s  distinct_FB_vals=  2  P_MASK=8
frame   74  t= 526.0s  distinct_FB_vals=  2  P_MASK=8
frame   75  t= 534.6s  distinct_FB_vals=  2  P_MASK=8
frame   76  t= 543.2s  distinct_FB_vals=  2  P_MASK=8
frame   77  t= 551.8s  distinct_FB_vals=  2  P_MASK=8
frame   78  t= 560.5s  distinct_FB_vals=  2  P_MASK=8
frame   79  t= 569.2s  distinct_FB_vals=  2  P_MASK=8
frame   80  t= 577.9s  distinct_FB_vals=  2  P_MASK=8
frame   81  t= 586.6s  distinct_FB_vals=  2  P_MASK=8
frame   82  t= 595.1s  distinct_FB_vals=  2  P_MASK=8
frame   83  t= 603.7s  distinct_FB_vals=  2  P_MASK=8
frame   84  t= 613.1s  distinct_FB_vals=  2  P_MASK=8
frame   85  t= 621.7s  distinct_FB_vals=  2  P_MASK=8
frame   86  t= 630.0s  distinct_FB_vals=  2  P_MASK=8
frame   87  t= 638.6s  distinct_FB_vals=  2  P_MASK=8
frame   88  t= 647.3s  distinct_FB_vals=  2  P_MASK=8
frame   89  t= 656.0s  distinct_FB_vals=  2  P_MASK=8
frame   90  t= 664.4s  distinct_FB_vals=  2  P_MASK=8
done, wrote PNGs to D:/KittyNES/progress/framedumps_acc
