PALRGB len: 64 sample: [6710886, 10888, 1315495, 3866788]
after nes_init: PC= 32768
frame    1  t=   1.8s  distinct_FB_vals=  1  P_MASK=0
frame    2  t=   3.7s  distinct_FB_vals=  1  P_MASK=0
frame    3  t=   5.7s  distinct_FB_vals=  1  P_MASK=0
frame    4  t=   7.6s  distinct_FB_vals=  1  P_MASK=0
frame    5  t=   9.4s  distinct_FB_vals=  1  P_MASK=0
frame    6  t=  11.1s  distinct_FB_vals=  1  P_MASK=0
frame    7  t=  13.2s  distinct_FB_vals=  1  P_MASK=0
frame    8  t=  15.0s  distinct_FB_vals=  1  P_MASK=0
frame    9  t=  16.9s  distinct_FB_vals=  1  P_MASK=0
frame   10  t=  18.8s  distinct_FB_vals=  1  P_MASK=24
frame   11  t=  27.6s  distinct_FB_vals=  3  P_MASK=30
frame   12  t=  36.5s  distinct_FB_vals=  3  P_MASK=30
frame   13  t=  45.2s  distinct_FB_vals=  3  P_MASK=30
frame   14  t=  54.0s  distinct_FB_vals=  3  P_MASK=6
frame   15  t=  56.0s  distinct_FB_vals=  3  P_MASK=6
frame   16  t=  58.0s  distinct_FB_vals=  3  P_MASK=6
frame   17  t=  60.0s  distinct_FB_vals=  3  P_MASK=6
frame   18  t=  62.0s  distinct_FB_vals=  3  P_MASK=6
frame   19  t=  64.0s  distinct_FB_vals=  3  P_MASK=6
frame   20  t=  66.1s  distinct_FB_vals=  3  P_MASK=6
frame   21  t=  68.0s  distinct_FB_vals=  3  P_MASK=6
frame   22  t=  70.0s  distinct_FB_vals=  3  P_MASK=6
frame   23  t=  72.1s  distinct_FB_vals=  3  P_MASK=6
frame   24  t=  74.0s  distinct_FB_vals=  3  P_MASK=6
frame   25  t=  76.0s  distinct_FB_vals=  3  P_MASK=6
frame   26  t=  77.9s  distinct_FB_vals=  3  P_MASK=6
frame   27  t=  79.9s  distinct_FB_vals=  3  P_MASK=6
frame   28  t=  81.8s  distinct_FB_vals=  3  P_MASK=6
frame   29  t=  83.7s  distinct_FB_vals=  3  P_MASK=6
frame   30  t=  85.6s  distinct_FB_vals=  3  P_MASK=6
frame   31  t=  87.6s  distinct_FB_vals=  3  P_MASK=6
frame   32  t=  89.4s  distinct_FB_vals=  3  P_MASK=6
frame   33  t=  91.4s  distinct_FB_vals=  3  P_MASK=6
frame   34  t=  93.3s  distinct_FB_vals=  3  P_MASK=6
frame   35  t=  95.3s  distinct_FB_vals=  3  P_MASK=6
frame   36  t=  97.2s  distinct_FB_vals=  3  P_MASK=6
frame   37  t=  99.1s  distinct_FB_vals=  3  P_MASK=6
frame   38  t= 101.0s  distinct_FB_vals=  3  P_MASK=6
frame   39  t= 103.0s  distinct_FB_vals=  3  P_MASK=30
frame   40  t= 111.6s  distinct_FB_vals=  8  P_MASK=30
frame   41  t= 121.0s  distinct_FB_vals= 11  P_MASK=30
frame   42  t= 131.2s  distinct_FB_vals= 11  P_MASK=30
frame   43  t= 140.1s  distinct_FB_vals= 11  P_MASK=30
frame   44  t= 149.3s  distinct_FB_vals= 11  P_MASK=30
frame   45  t= 158.7s  distinct_FB_vals= 11  P_MASK=30
frame   46  t= 168.3s  distinct_FB_vals= 11  P_MASK=30
frame   47  t= 177.3s  distinct_FB_vals= 11  P_MASK=30
frame   48  t= 186.5s  distinct_FB_vals= 11  P_MASK=30
frame   49  t= 195.7s  distinct_FB_vals= 11  P_MASK=30
frame   50  t= 204.7s  distinct_FB_vals= 11  P_MASK=30
frame   51  t= 214.7s  distinct_FB_vals= 11  P_MASK=30
frame   52  t= 227.4s  distinct_FB_vals= 11  P_MASK=30
frame   53  t= 240.1s  distinct_FB_vals= 11  P_MASK=30
frame   54  t= 252.6s  distinct_FB_vals= 11  P_MASK=30
frame   55  t= 264.9s  distinct_FB_vals= 11  P_MASK=30
frame   56  t= 277.8s  distinct_FB_vals= 11  P_MASK=30
frame   57  t= 290.3s  distinct_FB_vals= 11  P_MASK=30
frame   58  t= 303.0s  distinct_FB_vals= 11  P_MASK=30
frame   59  t= 315.8s  distinct_FB_vals= 11  P_MASK=30
frame   60  t= 328.2s  distinct_FB_vals= 11  P_MASK=30
frame   61  t= 340.6s  distinct_FB_vals= 11  P_MASK=30
frame   62  t= 353.1s  distinct_FB_vals= 11  P_MASK=30
frame   63  t= 364.1s  distinct_FB_vals= 11  P_MASK=30
frame   64  t= 373.1s  distinct_FB_vals= 11  P_MASK=30
frame   65  t= 382.0s  distinct_FB_vals= 11  P_MASK=30
frame   66  t= 391.1s  distinct_FB_vals= 11  P_MASK=30
frame   67  t= 400.4s  distinct_FB_vals= 11  P_MASK=30
frame   68  t= 409.6s  distinct_FB_vals= 11  P_MASK=30
frame   69  t= 419.0s  distinct_FB_vals= 11  P_MASK=30
frame   70  t= 428.2s  distinct_FB_vals= 11  P_MASK=30
frame   71  t= 437.2s  distinct_FB_vals= 11  P_MASK=30
frame   72  t= 446.0s  distinct_FB_vals= 11  P_MASK=30
frame   73  t= 455.1s  distinct_FB_vals= 11  P_MASK=30
frame   74  t= 464.7s  distinct_FB_vals= 11  P_MASK=30
frame   75  t= 474.1s  distinct_FB_vals= 11  P_MASK=30
frame   76  t= 483.3s  distinct_FB_vals= 11  P_MASK=30
frame   77  t= 492.5s  distinct_FB_vals= 11  P_MASK=30
frame   78  t= 502.0s  distinct_FB_vals= 11  P_MASK=30
frame   79  t= 511.3s  distinct_FB_vals= 11  P_MASK=30
frame   80  t= 520.6s  distinct_FB_vals= 11  P_MASK=30
frame   81  t= 529.8s  distinct_FB_vals= 11  P_MASK=30
frame   82  t= 539.4s  distinct_FB_vals= 11  P_MASK=30
frame   83  t= 552.4s  distinct_FB_vals= 11  P_MASK=30
frame   84  t= 561.5s  distinct_FB_vals= 11  P_MASK=30
frame   85  t= 573.2s  distinct_FB_vals= 11  P_MASK=30
frame   86  t= 586.6s  distinct_FB_vals= 11  P_MASK=30
frame   87  t= 599.5s  distinct_FB_vals= 11  P_MASK=30
frame   88  t= 612.8s  distinct_FB_vals= 11  P_MASK=30
frame   89  t= 625.9s  distinct_FB_vals= 11  P_MASK=30
frame   90  t= 638.6s  distinct_FB_vals= 11  P_MASK=30
frame   91  t= 652.2s  distinct_FB_vals= 11  P_MASK=30
frame   92  t= 665.1s  distinct_FB_vals= 11  P_MASK=30
frame   93  t= 678.2s  distinct_FB_vals= 11  P_MASK=30
frame   94  t= 691.4s  distinct_FB_vals= 11  P_MASK=30
frame   95  t= 704.5s  distinct_FB_vals= 11  P_MASK=30
frame   96  t= 718.0s  distinct_FB_vals= 11  P_MASK=30
frame   97  t= 729.6s  distinct_FB_vals= 11  P_MASK=30
frame   98  t= 739.1s  distinct_FB_vals= 11  P_MASK=30
frame   99  t= 748.7s  distinct_FB_vals= 11  P_MASK=30
frame  100  t= 758.3s  distinct_FB_vals= 11  P_MASK=30
frame  101  t= 767.6s  distinct_FB_vals= 11  P_MASK=30
frame  102  t= 777.1s  distinct_FB_vals= 11  P_MASK=30
frame  103  t= 786.6s  distinct_FB_vals= 11  P_MASK=30
frame  104  t= 798.0s  distinct_FB_vals= 11  P_MASK=30
frame  105  t= 811.5s  distinct_FB_vals= 11  P_MASK=30
frame  106  t= 824.8s  distinct_FB_vals= 11  P_MASK=30
frame  107  t= 838.4s  distinct_FB_vals= 11  P_MASK=30
frame  108  t= 851.7s  distinct_FB_vals= 11  P_MASK=30
frame  109  t= 864.7s  distinct_FB_vals= 11  P_MASK=30
frame  110  t= 878.0s  distinct_FB_vals= 11  P_MASK=30
frame  111  t= 891.3s  distinct_FB_vals= 11  P_MASK=30
frame  112  t= 904.8s  distinct_FB_vals= 11  P_MASK=30
frame  113  t= 917.9s  distinct_FB_vals= 11  P_MASK=30
frame  114  t= 931.4s  distinct_FB_vals= 11  P_MASK=30
frame  115  t= 944.7s  distinct_FB_vals= 11  P_MASK=30
frame  116  t= 958.2s  distinct_FB_vals= 11  P_MASK=30
frame  117  t= 971.7s  distinct_FB_vals= 11  P_MASK=30
frame  118  t= 980.7s  distinct_FB_vals= 11  P_MASK=30
frame  119  t= 989.9s  distinct_FB_vals= 11  P_MASK=30
frame  120  t=1002.3s  distinct_FB_vals= 11  P_MASK=30
frame  121  t=1016.2s  distinct_FB_vals= 11  P_MASK=30
frame  122  t=1030.2s  distinct_FB_vals= 11  P_MASK=30
frame  123  t=1043.9s  distinct_FB_vals= 11  P_MASK=30
frame  124  t=1058.0s  distinct_FB_vals= 11  P_MASK=30
frame  125  t=1071.7s  distinct_FB_vals= 11  P_MASK=30
frame  126  t=1084.7s  distinct_FB_vals= 11  P_MASK=30
frame  127  t=1097.7s  distinct_FB_vals= 11  P_MASK=30
frame  128  t=1110.8s  distinct_FB_vals= 11  P_MASK=30
frame  129  t=1124.2s  distinct_FB_vals= 11  P_MASK=30
frame  130  t=1137.7s  distinct_FB_vals= 11  P_MASK=30
frame  131  t=1151.2s  distinct_FB_vals= 11  P_MASK=30
frame  132  t=1164.2s  distinct_FB_vals= 11  P_MASK=30
frame  133  t=1177.5s  distinct_FB_vals= 11  P_MASK=30
frame  134  t=1190.4s  distinct_FB_vals= 11  P_MASK=30
frame  135  t=1201.8s  distinct_FB_vals= 11  P_MASK=30
frame  136  t=1211.6s  distinct_FB_vals= 11  P_MASK=30
frame  137  t=1222.1s  distinct_FB_vals= 11  P_MASK=30
frame  138  t=1232.0s  distinct_FB_vals= 11  P_MASK=30
