PALRGB len: 64 sample: [6710886, 10888, 1315495, 3866788]
after nes_init: PC= 32768
frame    1  t=   1.9s  distinct_FB_vals=  1  P_MASK=0
frame    2  t=   3.8s  distinct_FB_vals=  1  P_MASK=0
frame    3  t=   5.6s  distinct_FB_vals=  1  P_MASK=0
frame    4  t=   7.5s  distinct_FB_vals=  1  P_MASK=0
frame    5  t=   9.4s  distinct_FB_vals=  1  P_MASK=0
frame    6  t=  11.2s  distinct_FB_vals=  1  P_MASK=0
frame    7  t=  13.1s  distinct_FB_vals=  1  P_MASK=0
frame    8  t=  15.1s  distinct_FB_vals=  1  P_MASK=0
frame    9  t=  17.2s  distinct_FB_vals=  1  P_MASK=0
frame   10  t=  19.5s  distinct_FB_vals=  1  P_MASK=24
frame   11  t=  29.7s  distinct_FB_vals=  3  P_MASK=24
frame   12  t=  39.8s  distinct_FB_vals=  3  P_MASK=24
frame   13  t=  50.3s  distinct_FB_vals=  3  P_MASK=24
frame   14  t=  60.3s  distinct_FB_vals=  3  P_MASK=24
frame   15  t=  71.8s  distinct_FB_vals=  3  P_MASK=24
frame   16  t=  84.7s  distinct_FB_vals=  3  P_MASK=24
frame   17  t=  97.1s  distinct_FB_vals=  3  P_MASK=24
frame   18  t= 110.1s  distinct_FB_vals=  3  P_MASK=24
frame   19  t= 122.5s  distinct_FB_vals=  3  P_MASK=24
frame   20  t= 134.5s  distinct_FB_vals=  3  P_MASK=24
frame   21  t= 146.6s  distinct_FB_vals=  3  P_MASK=24
frame   22  t= 157.2s  distinct_FB_vals=  3  P_MASK=24
frame   23  t= 168.0s  distinct_FB_vals=  3  P_MASK=24
frame   24  t= 178.4s  distinct_FB_vals=  3  P_MASK=24
